// Jest Snapshot v1, https://goo.gl/fbAQLP

exports[`It should take a snapshot every time it's redered 1`] = `
<div
  className="App"
>
  <h1>
    React - CNE 2021
  </h1>
  <p>
    Please wait.... we are getting your request
  </p>
  <div
    className="spinner-border text-primary"
    role="status"
  >
    <span
      className="sr-only"
    >
      Loading...
    </span>
  </div>
  <div
    className="spinner-border text-Danger"
    role="status"
  >
    <span
      className="sr-only"
    >
      Loading...
    </span>
  </div>
  <div
    className="spinner-border text-info"
    role="status"
  >
    <span
      className="sr-only"
    >
      Loading...
    </span>
  </div>
  <div
    className="spinner-border text-primary"
    role="status"
  >
    <span
      className="sr-only"
    >
      Loading...
    </span>
  </div>
</div>
`;
