// Jest Snapshot v1, https://goo.gl/fbAQLP

exports[`End contact card blue print testing with props should match the snapshot 1`] = `
<div
  className="contact-card"
>
  <h2>
    This is a dog
  </h2>
  <img
    alt="this is a of a dog"
    src="https://placedog.net/samples/2.jpg"
  />
  <h3>
    Harry Pawter
  </h3>
  <p>
    Phone: 
    (+44)77777777
  </p>
  <p>
    Email:
    jimmy@chew.pup
  </p>
</div>
`;
